[    0.000000] Linux version 6.12.8 (time@timestop34) (gcc (GCC) 13.3.1 20250418 (RED SOFT 13.3.1-3), GNU ld version 2.40-15.red80) #10 SMP PREEMPT_DYNAMIC Tue Aug 26 17:57:12 MSK 2025
[    0.000000] Command line: BOOT_IMAGE=/boot/bzImage root=/dev/ram0 root=/dev/ram0 rootfstype=ext4 rw init=/init console=ttyS0,9600
[    0.000000] BIOS-provided physical RAM map:
[    0.000000] BIOS-e820: [mem 0x0000000000000000-0x000000000009fbff] usable
[    0.000000] BIOS-e820: [mem 0x000000000009fc00-0x000000000009ffff] reserved
[    0.000000] BIOS-e820: [mem 0x00000000000f0000-0x00000000000fffff] reserved
[    0.000000] BIOS-e820: [mem 0x0000000000100000-0x000000003ffdffff] usable
[    0.000000] BIOS-e820: [mem 0x000000003ffe0000-0x000000003fffffff] reserved
[    0.000000] BIOS-e820: [mem 0x00000000fffc0000-0x00000000ffffffff] reserved
[    0.000000] BIOS-e820: [mem 0x000000fd00000000-0x000000ffffffffff] reserved
[    0.000000] NX (Execute Disable) protection: active
[    0.000000] APIC: Static calls initialized
[    0.000000] SMBIOS 2.4 present.
[    0.000000] DMI: Bochs Bochs, BIOS Bochs 01/01/2011
[    0.000000] DMI: Memory slots populated: 1/1
[    0.000000] tsc: Fast TSC calibration using PIT
[    0.000000] tsc: Detected 2591.748 MHz processor
[    0.005850] last_pfn = 0x3ffe0 max_arch_pfn = 0x400000000
[    0.006325] MTRR map: 4 entries (3 fixed + 1 variable; max 19), built from 8 variable MTRRs
[    0.006446] x86/PAT: Configuration [0-7]: WB  WC  UC- UC  WB  WP  UC- WT  
[    0.019302] found SMP MP-table at [mem 0x000f5c40-0x000f5c4f]
[    0.022719] RAMDISK: [mem 0x373e3000-0x379e9fff]
[    0.023076] ACPI: Early table checksum verification disabled
[    0.023335] ACPI: RSDP 0x00000000000F5AF0 000014 (v00 BOCHS )
[    0.023542] ACPI: RSDT 0x000000003FFE1C40 000034 (v01 BOCHS  BXPC     00000001 BXPC 00000001)
[    0.023953] ACPI: FACP 0x000000003FFE1AF4 000074 (v01 BOCHS  BXPC     00000001 BXPC 00000001)
[    0.024440] ACPI: DSDT 0x000000003FFE0040 001AB4 (v01 BOCHS  BXPC     00000001 BXPC 00000001)
[    0.024501] ACPI: FACS 0x000000003FFE0000 000040
[    0.024539] ACPI: APIC 0x000000003FFE1B68 000078 (v03 BOCHS  BXPC     00000001 BXPC 00000001)
[    0.024555] ACPI: HPET 0x000000003FFE1BE0 000038 (v01 BOCHS  BXPC     00000001 BXPC 00000001)
[    0.024569] ACPI: WAET 0x000000003FFE1C18 000028 (v01 BOCHS  BXPC     00000001 BXPC 00000001)
[    0.024625] ACPI: Reserving FACP table memory at [mem 0x3ffe1af4-0x3ffe1b67]
[    0.024640] ACPI: Reserving DSDT table memory at [mem 0x3ffe0040-0x3ffe1af3]
[    0.024646] ACPI: Reserving FACS table memory at [mem 0x3ffe0000-0x3ffe003f]
[    0.024650] ACPI: Reserving APIC table memory at [mem 0x3ffe1b68-0x3ffe1bdf]
[    0.024654] ACPI: Reserving HPET table memory at [mem 0x3ffe1be0-0x3ffe1c17]
[    0.024658] ACPI: Reserving WAET table memory at [mem 0x3ffe1c18-0x3ffe1c3f]
[    0.026324] No NUMA configuration found
[    0.026339] Faking a node at [mem 0x0000000000000000-0x000000003ffdffff]
[    0.026799] NODE_DATA(0) allocated [mem 0x3ffdc940-0x3ffdffff]
[    0.030240] Zone ranges:
[    0.030258]   DMA      [mem 0x0000000000001000-0x0000000000ffffff]
[    0.030311]   DMA32    [mem 0x0000000001000000-0x000000003ffdffff]
[    0.030319]   Normal   empty
[    0.030336] Movable zone start for each node
[    0.030355] Early memory node ranges
[    0.030376]   node   0: [mem 0x0000000000001000-0x000000000009efff]
[    0.030486]   node   0: [mem 0x0000000000100000-0x000000003ffdffff]
[    0.030585] Initmem setup node 0 [mem 0x0000000000001000-0x000000003ffdffff]
[    0.031213] On node 0, zone DMA: 1 pages in unavailable ranges
[    0.031447] On node 0, zone DMA: 97 pages in unavailable ranges
[    0.045827] On node 0, zone DMA32: 32 pages in unavailable ranges
[    0.046199] ACPI: PM-Timer IO Port: 0x608
[    0.046507] ACPI: LAPIC_NMI (acpi_id[0xff] dfl dfl lint[0x1])
[    0.046792] IOAPIC[0]: apic_id 0, version 32, address 0xfec00000, GSI 0-23
[    0.046879] ACPI: INT_SRC_OVR (bus 0 bus_irq 0 global_irq 2 dfl dfl)
[    0.047066] ACPI: INT_SRC_OVR (bus 0 bus_irq 5 global_irq 5 high level)
[    0.047104] ACPI: INT_SRC_OVR (bus 0 bus_irq 9 global_irq 9 high level)
[    0.047168] ACPI: INT_SRC_OVR (bus 0 bus_irq 10 global_irq 10 high level)
[    0.047175] ACPI: INT_SRC_OVR (bus 0 bus_irq 11 global_irq 11 high level)
[    0.047320] ACPI: Using ACPI (MADT) for SMP configuration information
[    0.047351] ACPI: HPET id: 0x8086a201 base: 0xfed00000
[    0.047634] CPU topo: Max. logical packages:   1
[    0.047645] CPU topo: Max. logical dies:       1
[    0.047652] CPU topo: Max. dies per package:   1
[    0.047689] CPU topo: Max. threads per core:   1
[    0.047813] CPU topo: Num. cores per package:     1
[    0.047826] CPU topo: Num. threads per package:   1
[    0.047832] CPU topo: Allowing 1 present CPUs plus 0 hotplug CPUs
[    0.048527] PM: hibernation: Registered nosave memory: [mem 0x00000000-0x00000fff]
[    0.048558] PM: hibernation: Registered nosave memory: [mem 0x0009f000-0x0009ffff]
[    0.048577] PM: hibernation: Registered nosave memory: [mem 0x000a0000-0x000effff]
[    0.048582] PM: hibernation: Registered nosave memory: [mem 0x000f0000-0x000fffff]
[    0.048664] [mem 0x40000000-0xfffbffff] available for PCI devices
[    0.048700] Booting paravirtualized kernel on bare hardware
[    0.048914] clocksource: refined-jiffies: mask: 0xffffffff max_cycles: 0xffffffff, max_idle_ns: 1910969940391419 ns
[    0.057708] setup_percpu: NR_CPUS:64 nr_cpumask_bits:1 nr_cpu_ids:1 nr_node_ids:1
[    0.058778] percpu: Embedded 56 pages/cpu s191832 r8192 d29352 u2097152
[    0.060346] Kernel command line: BOOT_IMAGE=/boot/bzImage root=/dev/ram0 root=/dev/ram0 rootfstype=ext4 rw init=/init console=ttyS0,9600
[    0.061103] Unknown kernel command line parameters "BOOT_IMAGE=/boot/bzImage", will be passed to user space.
[    0.070993] Dentry cache hash table entries: 131072 (order: 8, 1048576 bytes, linear)
[    0.080201] Inode-cache hash table entries: 65536 (order: 7, 524288 bytes, linear)
[    0.082105] Fallback order for Node 0: 0 
[    0.082312] Built 1 zonelists, mobility grouping on.  Total pages: 262014
[    0.082325] Policy zone: DMA32
[    0.082504] mem auto-init: stack:all(zero), heap alloc:off, heap free:off
[    0.091216] SLUB: HWalign=64, Order=0-3, MinObjects=0, CPUs=1, Nodes=1
[    0.099699] Dynamic Preempt: voluntary
[    0.102500] rcu: Preemptible hierarchical RCU implementation.
[    0.102509] rcu: 	RCU event tracing is enabled.
[    0.102528] rcu: 	RCU restricting CPUs from NR_CPUS=64 to nr_cpu_ids=1.
[    0.102640] 	Trampoline variant of Tasks RCU enabled.
[    0.102702] rcu: RCU calculated value of scheduler-enlistment delay is 100 jiffies.
[    0.102722] rcu: Adjusting geometry for rcu_fanout_leaf=16, nr_cpu_ids=1
[    0.103628] RCU Tasks: Setting shift to 0 and lim to 1 rcu_task_cb_adjust=1 rcu_task_cpu_ids=1.
[    0.119893] NR_IRQS: 4352, nr_irqs: 256, preallocated irqs: 16
[    0.126843] rcu: srcu_init: Setting srcu_struct sizes based on contention.
[    0.131378] Console: colour VGA+ 80x25
[    0.132880] printk: legacy console [ttyS0] enabled
[    0.140897] ACPI: Core revision 20240827
[    0.144849] clocksource: hpet: mask: 0xffffffff max_cycles: 0xffffffff, max_idle_ns: 19112604467 ns
[    0.148898] APIC: Switch to symmetric I/O mode setup
[    0.152286] ..TIMER: vector=0x30 apic1=0 pin1=2 apic2=-1 pin2=-1
[    0.157942] clocksource: tsc-early: mask: 0xffffffffffffffff max_cycles: 0x255bc8998c9, max_idle_ns: 440795244861 ns
[    0.158375] Calibrating delay loop (skipped), value calculated using timer frequency.. 5183.49 BogoMIPS (lpj=2591748)
[    0.161495] Last level iTLB entries: 4KB 512, 2MB 255, 4MB 127
[    0.161579] Last level dTLB entries: 4KB 512, 2MB 255, 4MB 127, 1GB 0
[    0.161887] Spectre V1 : Mitigation: usercopy/swapgs barriers and __user pointer sanitization
[    0.162070] Spectre V2 : Mitigation: Retpolines
[    0.162168] Spectre V2 : Spectre v2 / SpectreRSB mitigation: Filling RSB on context switch
[    0.162288] Spectre V2 : Spectre v2 / SpectreRSB : Filling RSB on VMEXIT
[    0.162955] x86/fpu: x87 FPU will use FXSAVE
[    0.468361] Freeing SMP alternatives memory: 48K
[    0.469484] pid_max: default: 32768 minimum: 301
[    0.472944] LSM: initializing lsm=capability,selinux
[    0.474422] SELinux:  Initializing.
[    0.479948] Mount-cache hash table entries: 2048 (order: 2, 16384 bytes, linear)
[    0.480125] Mountpoint-cache hash table entries: 2048 (order: 2, 16384 bytes, linear)
[    0.604146] smpboot: CPU0: AMD QEMU Virtual CPU version 2.5+ (family: 0xf, model: 0x6b, stepping: 0x1)
[    0.611370] Performance Events: PMU not available due to virtualization, using software events only.
[    0.612577] signal: max sigframe size: 1440
[    0.613468] rcu: Hierarchical SRCU implementation.
[    0.613549] rcu: 	Max phase no-delay instances is 400.
[    0.617826] smp: Bringing up secondary CPUs ...
[    0.619657] smp: Brought up 1 node, 1 CPU
[    0.619799] smpboot: Total of 1 processors activated (5183.49 BogoMIPS)
[    0.624598] Memory: 980672K/1048056K available (18432K kernel code, 2848K rwdata, 7072K rodata, 2792K init, 960K bss, 63944K reserved, 0K cma-reserved)
[    0.630489] devtmpfs: initialized
[    0.637761] clocksource: jiffies: mask: 0xffffffff max_cycles: 0xffffffff, max_idle_ns: 1911260446275000 ns
[    0.638158] futex hash table entries: 256 (order: 2, 16384 bytes, linear)
[    0.640790] PM: RTC time: 17:40:54, date: 2025-08-26
[    0.644462] NET: Registered PF_NETLINK/PF_ROUTE protocol family
[    0.646860] audit: initializing netlink subsys (disabled)
[    0.648146] audit: type=2000 audit(1756230053.499:1): state=initialized audit_enabled=0 res=1
[    0.651324] thermal_sys: Registered thermal governor 'step_wise'
[    0.651351] thermal_sys: Registered thermal governor 'user_space'
[    0.651739] cpuidle: using governor menu
[    0.654415] PCI: Using configuration type 1 for base access
[    0.656264] kprobes: kprobe jump-optimization is enabled. All kprobes are optimized if possible.
[    0.659761] HugeTLB: registered 2.00 MiB page size, pre-allocated 0 pages
[    0.659865] HugeTLB: 28 KiB vmemmap can be freed for a 2.00 MiB page
[    0.670609] ACPI: Added _OSI(Module Device)
[    0.670687] ACPI: Added _OSI(Processor Device)
[    0.670739] ACPI: Added _OSI(3.0 _SCP Extensions)
[    0.670788] ACPI: Added _OSI(Processor Aggregator Device)
[    0.691241] ACPI: 1 ACPI AML tables successfully acquired and loaded
[    0.716514] ACPI: Interpreter enabled
[    0.717353] ACPI: PM: (supports S0 S3 S4 S5)
[    0.717439] ACPI: Using IOAPIC for interrupt routing
[    0.717746] PCI: Using host bridge windows from ACPI; if necessary, use "pci=nocrs" and report a bug
[    0.717858] PCI: Using E820 reservations for host bridge windows
[    0.720124] ACPI: Enabled 2 GPEs in block 00 to 0F
[    0.765649] ACPI: PCI Root Bridge [PCI0] (domain 0000 [bus 00-ff])
[    0.766553] acpi PNP0A03:00: _OSC: OS supports [ASPM ClockPM Segments MSI HPX-Type3]
[    0.766799] acpi PNP0A03:00: _OSC: not requesting OS control; OS requires [ExtendedConfig ASPM ClockPM MSI]
[    0.767451] acpi PNP0A03:00: fail to add MMCONFIG information, can't access extended configuration space under this bridge
[    0.778038] PCI host bridge to bus 0000:00
[    0.778288] pci_bus 0000:00: root bus resource [io  0x0000-0x0cf7 window]
[    0.778459] pci_bus 0000:00: root bus resource [io  0x0d00-0xffff window]
[    0.778532] pci_bus 0000:00: root bus resource [mem 0x000a0000-0x000bffff window]
[    0.778635] pci_bus 0000:00: root bus resource [mem 0x40000000-0xfebfffff window]
[    0.778710] pci_bus 0000:00: root bus resource [mem 0x100000000-0x17fffffff window]
[    0.778885] pci_bus 0000:00: root bus resource [bus 00-ff]
[    0.779969] pci 0000:00:00.0: [8086:1237] type 00 class 0x060000 conventional PCI endpoint
[    0.783206] pci 0000:00:01.0: [8086:7000] type 00 class 0x060100 conventional PCI endpoint
[    0.783712] pci 0000:00:01.1: [8086:7010] type 00 class 0x010180 conventional PCI endpoint
[    0.785022] pci 0000:00:01.1: BAR 4 [io  0xc040-0xc04f]
[    0.785618] pci 0000:00:01.1: BAR 0 [io  0x01f0-0x01f7]: legacy IDE quirk
[    0.785731] pci 0000:00:01.1: BAR 1 [io  0x03f6]: legacy IDE quirk
[    0.785825] pci 0000:00:01.1: BAR 2 [io  0x0170-0x0177]: legacy IDE quirk
[    0.785909] pci 0000:00:01.1: BAR 3 [io  0x0376]: legacy IDE quirk
[    0.791802] pci 0000:00:01.3: [8086:7113] type 00 class 0x068000 conventional PCI endpoint
[    0.792172] pci 0000:00:01.3: quirk: [io  0x0600-0x063f] claimed by PIIX4 ACPI
[    0.792317] pci 0000:00:01.3: quirk: [io  0x0700-0x070f] claimed by PIIX4 SMB
[    0.792743] pci 0000:00:02.0: [1234:1111] type 00 class 0x030000 conventional PCI endpoint
[    0.793167] pci 0000:00:02.0: BAR 0 [mem 0xfd000000-0xfdffffff pref]
[    0.794165] pci 0000:00:02.0: BAR 2 [mem 0xfebf0000-0xfebf0fff]
[    0.795529] pci 0000:00:02.0: ROM [mem 0xfebe0000-0xfebeffff pref]
[    0.800093] pci 0000:00:02.0: Video device with shadowed ROM at [mem 0x000c0000-0x000dffff]
[    0.800590] pci 0000:00:03.0: [8086:100e] type 00 class 0x020000 conventional PCI endpoint
[    0.800963] pci 0000:00:03.0: BAR 0 [mem 0xfebc0000-0xfebdffff]
[    0.801297] pci 0000:00:03.0: BAR 1 [io  0xc000-0xc03f]
[    0.803352] pci 0000:00:03.0: ROM [mem 0xfeb80000-0xfebbffff pref]
[    0.816060] ACPI: PCI: Interrupt link LNKA configured for IRQ 10
[    0.816591] ACPI: PCI: Interrupt link LNKB configured for IRQ 10
[    0.816931] ACPI: PCI: Interrupt link LNKC configured for IRQ 11
[    0.822178] ACPI: PCI: Interrupt link LNKD configured for IRQ 11
[    0.822406] ACPI: PCI: Interrupt link LNKS configured for IRQ 9
[    0.824684] iommu: Default domain type: Translated
[    0.824766] iommu: DMA domain TLB invalidation policy: lazy mode
[    0.825678] SCSI subsystem initialized
[    0.826871] ACPI: bus type USB registered
[    0.827122] usbcore: registered new interface driver usbfs
[    0.832220] usbcore: registered new interface driver hub
[    0.832402] usbcore: registered new device driver usb
[    0.832716] pps_core: LinuxPPS API ver. 1 registered
[    0.832781] pps_core: Software ver. 5.3.6 - Copyright 2005-2007 Rodolfo Giometti <giometti@linux.it>
[    0.833211] PTP clock support registered
[    0.835408] Advanced Linux Sound Architecture Driver Initialized.
[    0.848168] NetLabel: Initializing
[    0.848229] NetLabel:  domain hash size = 128
[    0.848288] NetLabel:  protocols = UNLABELED CIPSOv4 CALIPSO
[    0.855562] NetLabel:  unlabeled traffic allowed by default
[    0.864604] PCI: Using ACPI for IRQ routing
[    0.866584] pci 0000:00:02.0: vgaarb: setting as boot VGA device
[    0.866706] pci 0000:00:02.0: vgaarb: bridge control possible
[    0.866804] pci 0000:00:02.0: vgaarb: VGA device added: decodes=io+mem,owns=io+mem,locks=none
[    0.866914] vgaarb: loaded
[    0.867938] hpet: 3 channels of 0 reserved for per-cpu timers
[    0.868201] hpet0: at MMIO 0xfed00000, IRQs 2, 8, 0
[    0.868400] hpet0: 3 comparators, 64-bit 100.000000 MHz counter
[    0.878880] clocksource: Switched to clocksource tsc-early
[    0.880232] VFS: Disk quotas dquot_6.6.0
[    0.880374] VFS: Dquot-cache hash table entries: 512 (order 0, 4096 bytes)
[    0.882570] pnp: PnP ACPI init
[    0.886957] pnp: PnP ACPI: found 6 devices
[    0.926775] clocksource: acpi_pm: mask: 0xffffff max_cycles: 0xffffff, max_idle_ns: 2085701024 ns
[    0.935621] NET: Registered PF_INET protocol family
[    0.936442] IP idents hash table entries: 16384 (order: 5, 131072 bytes, linear)
[    0.944905] tcp_listen_portaddr_hash hash table entries: 512 (order: 1, 8192 bytes, linear)
[    0.945054] Table-perturb hash table entries: 65536 (order: 6, 262144 bytes, linear)
[    0.945176] TCP established hash table entries: 8192 (order: 4, 65536 bytes, linear)
[    0.945374] TCP bind hash table entries: 8192 (order: 6, 262144 bytes, linear)
[    0.945598] TCP: Hash tables configured (established 8192 bind 8192)
[    0.946549] UDP hash table entries: 512 (order: 2, 16384 bytes, linear)
[    0.946835] UDP-Lite hash table entries: 512 (order: 2, 16384 bytes, linear)
[    0.947668] NET: Registered PF_UNIX/PF_LOCAL protocol family
[    0.953846] RPC: Registered named UNIX socket transport module.
[    0.953948] RPC: Registered udp transport module.
[    0.954005] RPC: Registered tcp transport module.
[    0.954057] RPC: Registered tcp-with-tls transport module.
[    0.954115] RPC: Registered tcp NFSv4.1 backchannel transport module.
[    0.961560] pci_bus 0000:00: resource 4 [io  0x0000-0x0cf7 window]
[    0.961649] pci_bus 0000:00: resource 5 [io  0x0d00-0xffff window]
[    0.961749] pci_bus 0000:00: resource 6 [mem 0x000a0000-0x000bffff window]
[    0.961855] pci_bus 0000:00: resource 7 [mem 0x40000000-0xfebfffff window]
[    0.961925] pci_bus 0000:00: resource 8 [mem 0x100000000-0x17fffffff window]
[    0.962321] pci 0000:00:01.0: PIIX3: Enabling Passive Release
[    0.962443] pci 0000:00:00.0: Limiting direct PCI/PCI transfers
[    0.962606] PCI: CLS 0 bytes, default 64
[    0.972804] Trying to unpack rootfs image as initramfs...
[    1.355536] Freeing initrd memory: 6172K
[    1.369375] Initialise system trusted keyrings
[    1.372158] workingset: timestamp_bits=56 max_order=18 bucket_order=0
[    1.374638] NFS: Registering the id_resolver key type
[    1.374927] Key type id_resolver registered
[    1.375001] Key type id_legacy registered
[    1.375634] 9p: Installing v9fs 9p2000 file system support
[    1.431372] Key type asymmetric registered
[    1.431514] Asymmetric key parser 'x509' registered
[    1.431763] Block layer SCSI generic (bsg) driver version 0.4 loaded (major 251)
[    1.432140] io scheduler mq-deadline registered
[    1.432233] io scheduler kyber registered
[    1.434408] input: Power Button as /devices/LNXSYSTM:00/LNXPWRBN:00/input/input0
[    1.437570] ACPI: button: Power Button [PWRF]
[    1.440320] Serial: 8250/16550 driver, 4 ports, IRQ sharing enabled
[    1.443080] 00:04: ttyS0 at I/O 0x3f8 (irq = 4, base_baud = 115200) is a 16550A
[    1.447182] Non-volatile memory driver v1.3
[    1.447319] Linux agpgart interface v0.103
[    1.448585] ACPI: bus type drm_connector registered
[    1.464442] brd: module loaded
[    1.472462] loop: module loaded
[    1.478974] scsi host0: ata_piix
[    1.480159] scsi host1: ata_piix
[    1.480463] ata1: PATA max MWDMA2 cmd 0x1f0 ctl 0x3f6 bmdma 0xc040 irq 14 lpm-pol 0
[    1.480568] ata2: PATA max MWDMA2 cmd 0x170 ctl 0x376 bmdma 0xc048 irq 15 lpm-pol 0
[    1.485194] e100: Intel(R) PRO/100 Network Driver
[    1.485268] e100: Copyright(c) 1999-2006 Intel Corporation
[    1.485377] e1000: Intel(R) PRO/1000 Network Driver
[    1.485438] e1000: Copyright (c) 1999-2006 Intel Corporation.
[    1.575530] ACPI: \_SB_.LNKC: Enabled at IRQ 11
[    1.638776] ata2: found unknown device (class 0)
[    1.646133] ata2.00: ATAPI: QEMU DVD-ROM, 2.5+, max UDMA/100
[    1.661266] scsi 1:0:0:0: CD-ROM            QEMU     QEMU DVD-ROM     2.5+ PQ: 0 ANSI: 5
[    1.685567] sr 1:0:0:0: [sr0] scsi3-mmc drive: 4x/4x cd/rw xa/form2 tray
[    1.685803] cdrom: Uniform CD-ROM driver Revision: 3.20
[    1.705604] sr 1:0:0:0: Attached scsi generic sg0 type 5
[    1.882565] e1000 0000:00:03.0 eth0: (PCI:33MHz:32-bit) 52:54:00:12:34:56
[    1.882962] e1000 0000:00:03.0 eth0: Intel(R) PRO/1000 Network Connection
[    1.883345] e1000e: Intel(R) PRO/1000 Network Driver
[    1.883410] e1000e: Copyright(c) 1999 - 2015 Intel Corporation.
[    1.883529] sky2: driver version 1.30
[    1.884870] usbcore: registered new interface driver usblp
[    1.885130] usbcore: registered new interface driver usb-storage
[    1.885687] i8042: PNP: PS/2 Controller [PNP0303:KBD,PNP0f13:MOU] at 0x60,0x64 irq 1,12
[    1.888102] serio: i8042 KBD port at 0x60,0x64 irq 1
[    1.888297] serio: i8042 AUX port at 0x60,0x64 irq 12
[    1.891047] rtc_cmos 00:05: RTC can wake from S4
[    1.892594] input: AT Translated Set 2 keyboard as /devices/platform/i8042/serio0/input/input1
[    1.894501] rtc_cmos 00:05: registered as rtc0
[    1.896374] rtc_cmos 00:05: alarms up to one day, y3k, 242 bytes nvram, hpet irqs
[    1.898141] device-mapper: ioctl: 4.48.0-ioctl (2023-03-01) initialised: dm-devel@lists.linux.dev
[    1.898459] amd_pstate: the _CPC object is not present in SBIOS or ACPI disabled
[    1.898726] hid: raw HID events driver (C) Jiri Kosina
[    1.900455] usbcore: registered new interface driver usbhid
[    1.900536] usbhid: USB HID core driver
[    1.906003] Initializing XFRM netlink socket
[    1.906313] NET: Registered PF_INET6 protocol family
[    1.911872] Segment Routing with IPv6
[    1.912086] In-situ OAM (IOAM) with IPv6
[    1.912805] sit: IPv6, IPv4 and MPLS over IPv4 tunneling driver
[    1.914615] NET: Registered PF_PACKET protocol family
[    1.915731] 9pnet: Installing 9P2000 support
[    1.915989] Key type dns_resolver registered
[    1.917409] IPI shorthand broadcast: enabled
[    1.932742] sched_clock: Marking stable (1911020768, 20890159)->(1934380477, -2469550)
[    1.934178] registered taskstats version 1
[    1.934263] Loading compiled-in X.509 certificates
[    1.941427] Demotion targets for Node 0: null
[    1.943563] PM:   Magic number: 5:902:694
[    1.944176] printk: legacy console [netcon0] enabled
[    1.944307] netconsole: network logging started
[    1.945137] cfg80211: Loading compiled-in X.509 certificates for regulatory database
[    1.994178] modprobe (48) used greatest stack depth: 14136 bytes left
[    2.005949] Loaded X.509 cert 'sforshee: 00b28ddf47aef9cea7'
[    2.006485] Loaded X.509 cert 'wens: 61c038651aabdcf94bd0ac7ff06c7248db18c600'
[    2.007831] platform regulatory.0: Direct firmware load for regulatory.db failed with error -2
[    2.008440] ALSA device list:
[    2.008528]   No soundcards found.
[    2.010227] cfg80211: failed to load regulatory.db
[    2.060796] Freeing unused kernel image (initmem) memory: 2792K
[    2.061135] tsc: Refined TSC clocksource calibration: 2591.786 MHz
[    2.061443] clocksource: tsc: mask: 0xffffffffffffffff max_cycles: 0x255becb7ee7, max_idle_ns: 440795320684 ns
[    2.061640] clocksource: Switched to clocksource tsc
[    2.061922] Write protecting the kernel read-only data: 26624k
[    2.063205] Freeing unused kernel image (rodata/data gap) memory: 1120K
[    2.170344] x86/mm: Checked W+X mappings: passed, no W+X pages found.
[    2.171003] Run /init as init process
[    2.209000] mkdir (55) used greatest stack depth: 13984 bytes left
/init: line 17: can't create /proc/sys/kernel/hotplug: nonexistent directory
[    2.309215] mdev (58) used greatest stack depth: 13976 bytes left
=== Запуск rcS ===
[    2.373833] input: ImExPS/2 Generic Explorer Mouse as /devices/platform/i8042/serio1/input/input3
[    2.437451] hostname (73) used greatest stack depth: 13752 bytes left

Please press Enter to activate this console. login[75]: root login on 'tty1'
[   10.289496] random: crng init done
